Component: ARM Compiler 5.05 update 1 (build 106) Tool: armlink [4d0efa]

==============================================================================

Section Cross References

    startup_stm32g431xx.o(RESET) refers to startup_stm32g431xx.o(STACK) for __initial_sp
    startup_stm32g431xx.o(RESET) refers to startup_stm32g431xx.o(.text) for Reset_Handler
    startup_stm32g431xx.o(RESET) refers to stm32g4xx_it.o(i.NMI_Handler) for NMI_Handler
    startup_stm32g431xx.o(RESET) refers to stm32g4xx_it.o(i.HardFault_Handler) for HardFault_Handler
    startup_stm32g431xx.o(RESET) refers to stm32g4xx_it.o(i.MemManage_Handler) for MemManage_Handler
    startup_stm32g431xx.o(RESET) refers to stm32g4xx_it.o(i.BusFault_Handler) for BusFault_Handler
    startup_stm32g431xx.o(RESET) refers to stm32g4xx_it.o(i.UsageFault_Handler) for UsageFault_Handler
    startup_stm32g431xx.o(RESET) refers to stm32g4xx_it.o(i.SVC_Handler) for SVC_Handler
    startup_stm32g431xx.o(RESET) refers to stm32g4xx_it.o(i.DebugMon_Handler) for DebugMon_Handler
    startup_stm32g431xx.o(RESET) refers to stm32g4xx_it.o(i.PendSV_Handler) for PendSV_Handler
    startup_stm32g431xx.o(RESET) refers to stm32g4xx_it.o(i.SysTick_Handler) for SysTick_Handler
    startup_stm32g431xx.o(RESET) refers to stm32g4xx_it.o(i.DMA1_Channel1_IRQHandler) for DMA1_Channel1_IRQHandler
    startup_stm32g431xx.o(RESET) refers to stm32g4xx_it.o(i.DMA1_Channel2_IRQHandler) for DMA1_Channel2_IRQHandler
    startup_stm32g431xx.o(RESET) refers to stm32g4xx_it.o(i.TIM8_UP_IRQHandler) for TIM8_UP_IRQHandler
    startup_stm32g431xx.o(.text) refers to system_stm32g4xx.o(i.SystemInit) for SystemInit
    startup_stm32g431xx.o(.text) refers to entry.o(.ARM.Collect$$$$00000000) for __main
    main.o(i.Initialize_ADC) refers to main.o(i.LL_ADC_IsEnabled) for LL_ADC_IsEnabled
    main.o(i.Initialize_ADC) refers to system_stm32g4xx.o(.data) for SystemCoreClock
    main.o(i.Initialize_DMA_ADC) refers to main.o(i.LL_DMA_ConfigAddresses) for LL_DMA_ConfigAddresses
    main.o(i.Initialize_DMA_ADC) refers to main.o(i.LL_DMA_SetDataLength) for LL_DMA_SetDataLength
    main.o(i.Initialize_DMA_ADC) refers to main.o(i.LL_DMA_EnableIT_TC) for LL_DMA_EnableIT_TC
    main.o(i.Initialize_DMA_ADC) refers to main.o(i.LL_DMA_EnableIT_TE) for LL_DMA_EnableIT_TE
    main.o(i.Initialize_DMA_ADC) refers to main.o(i.LL_DMA_EnableChannel) for LL_DMA_EnableChannel
    main.o(i.Initialize_DMA_ADC) refers to main.o(.data) for aADCxConvertedData
    main.o(i.Initialize_DMA_TIM8) refers to main.o(i.LL_DMA_ConfigAddresses) for LL_DMA_ConfigAddresses
    main.o(i.Initialize_DMA_TIM8) refers to main.o(i.LL_DMA_SetDataLength) for LL_DMA_SetDataLength
    main.o(i.Initialize_DMA_TIM8) refers to main.o(i.LL_DMA_EnableIT_TC) for LL_DMA_EnableIT_TC
    main.o(i.Initialize_DMA_TIM8) refers to main.o(i.LL_DMA_EnableIT_TE) for LL_DMA_EnableIT_TE
    main.o(i.Initialize_DMA_TIM8) refers to main.o(i.LL_DMA_EnableChannel) for LL_DMA_EnableChannel
    main.o(i.Initialize_DMA_TIM8) refers to main.o(.constdata) for CHANNEL_OFFSET_TAB
    main.o(i.Initialize_DMA_TIM8) refers to main.o(.data) for tim_burst
    main.o(i.LL_DMA_ConfigAddresses) refers to main.o(.constdata) for CHANNEL_OFFSET_TAB
    main.o(i.LL_DMA_EnableChannel) refers to main.o(.constdata) for CHANNEL_OFFSET_TAB
    main.o(i.LL_DMA_EnableIT_TC) refers to main.o(.constdata) for CHANNEL_OFFSET_TAB
    main.o(i.LL_DMA_EnableIT_TE) refers to main.o(.constdata) for CHANNEL_OFFSET_TAB
    main.o(i.LL_DMA_SetDataLength) refers to main.o(.constdata) for CHANNEL_OFFSET_TAB
    main.o(i.SystemClock_Config) refers to main.o(i.LL_RCC_SetAHBPrescaler) for LL_RCC_SetAHBPrescaler
    main.o(i.SystemClock_Config) refers to stm32g4xx_ll_utils.o(i.LL_Init1msTick) for LL_Init1msTick
    main.o(i.SystemClock_Config) refers to stm32g4xx_ll_utils.o(i.LL_SetSystemCoreClock) for LL_SetSystemCoreClock
    main.o(i.main) refers to main.o(i.SystemClock_Config) for SystemClock_Config
    main.o(i.main) refers to gpio.o(i.MX_GPIO_Init) for MX_GPIO_Init
    main.o(i.main) refers to dma.o(i.MX_DMA_Init) for MX_DMA_Init
    main.o(i.main) refers to adc.o(i.MX_ADC1_Init) for MX_ADC1_Init
    main.o(i.main) refers to tim.o(i.MX_TIM8_Init) for MX_TIM8_Init
    main.o(i.main) refers to main.o(i.Initialize_DMA_ADC) for Initialize_DMA_ADC
    main.o(i.main) refers to main.o(i.Initialize_ADC) for Initialize_ADC
    main.o(i.main) refers to main.o(i.Initialize_DMA_TIM8) for Initialize_DMA_TIM8
    main.o(i.main) refers to main.o(i.Initialize_TIM8) for Initialize_TIM8
    gpio.o(i.MX_GPIO_Init) refers to memseta.o(.text) for __aeabi_memclr4
    gpio.o(i.MX_GPIO_Init) refers to gpio.o(i.LL_AHB2_GRP1_EnableClock) for LL_AHB2_GRP1_EnableClock
    gpio.o(i.MX_GPIO_Init) refers to gpio.o(i.LL_GPIO_ResetOutputPin) for LL_GPIO_ResetOutputPin
    gpio.o(i.MX_GPIO_Init) refers to stm32g4xx_ll_gpio.o(i.LL_GPIO_Init) for LL_GPIO_Init
    adc.o(i.MX_ADC1_Init) refers to memseta.o(.text) for __aeabi_memclr4
    adc.o(i.MX_ADC1_Init) refers to adc.o(i.LL_AHB2_GRP1_EnableClock) for LL_AHB2_GRP1_EnableClock
    adc.o(i.MX_ADC1_Init) refers to stm32g4xx_ll_gpio.o(i.LL_GPIO_Init) for LL_GPIO_Init
    adc.o(i.MX_ADC1_Init) refers to stm32g4xx_ll_adc.o(i.LL_ADC_Init) for LL_ADC_Init
    adc.o(i.MX_ADC1_Init) refers to stm32g4xx_ll_adc.o(i.LL_ADC_REG_Init) for LL_ADC_REG_Init
    adc.o(i.MX_ADC1_Init) refers to stm32g4xx_ll_adc.o(i.LL_ADC_CommonInit) for LL_ADC_CommonInit
    adc.o(i.MX_ADC1_Init) refers to adc.o(i.LL_ADC_REG_SetSequencerRanks) for LL_ADC_REG_SetSequencerRanks
    adc.o(i.MX_ADC1_Init) refers to adc.o(i.LL_ADC_SetChannelSamplingTime) for LL_ADC_SetChannelSamplingTime
    adc.o(i.MX_ADC1_Init) refers to adc.o(i.LL_ADC_SetChannelSingleDiff) for LL_ADC_SetChannelSingleDiff
    adc.o(i.MX_ADC1_Init) refers to adc.o(.constdata) for CHANNEL_OFFSET_TAB
    dma.o(i.MX_DMA_Init) refers to dma.o(i.LL_AHB1_GRP1_EnableClock) for LL_AHB1_GRP1_EnableClock
    dma.o(i.MX_DMA_Init) refers to dma.o(i.__NVIC_GetPriorityGrouping) for __NVIC_GetPriorityGrouping
    dma.o(i.MX_DMA_Init) refers to dma.o(i.NVIC_EncodePriority) for NVIC_EncodePriority
    dma.o(i.MX_DMA_Init) refers to dma.o(i.__NVIC_SetPriority) for __NVIC_SetPriority
    dma.o(i.MX_DMA_Init) refers to dma.o(i.__NVIC_EnableIRQ) for __NVIC_EnableIRQ
    tim.o(i.LL_TIM_OC_DisableFast) refers to tim.o(.constdata) for OFFSET_TAB_CCMRx
    tim.o(i.LL_TIM_OC_DisablePreload) refers to tim.o(.constdata) for OFFSET_TAB_CCMRx
    tim.o(i.LL_TIM_OC_EnablePreload) refers to tim.o(.constdata) for OFFSET_TAB_CCMRx
    tim.o(i.MX_TIM8_Init) refers to memseta.o(.text) for __aeabi_memclr4
    tim.o(i.MX_TIM8_Init) refers to stm32g4xx_ll_tim.o(i.LL_TIM_Init) for LL_TIM_Init
    tim.o(i.MX_TIM8_Init) refers to tim.o(i.LL_TIM_OC_EnablePreload) for LL_TIM_OC_EnablePreload
    tim.o(i.MX_TIM8_Init) refers to stm32g4xx_ll_tim.o(i.LL_TIM_OC_Init) for LL_TIM_OC_Init
    tim.o(i.MX_TIM8_Init) refers to tim.o(i.LL_TIM_OC_DisableFast) for LL_TIM_OC_DisableFast
    tim.o(i.MX_TIM8_Init) refers to tim.o(i.LL_TIM_OC_DisablePreload) for LL_TIM_OC_DisablePreload
    tim.o(i.MX_TIM8_Init) refers to tim.o(.constdata) for CHANNEL_OFFSET_TAB
    tim.o(i.MX_TIM8_Init) refers to stm32g4xx_ll_tim.o(i.LL_TIM_BDTR_Init) for LL_TIM_BDTR_Init
    tim.o(i.MX_TIM8_Init) refers to tim.o(i.LL_AHB2_GRP1_EnableClock) for LL_AHB2_GRP1_EnableClock
    tim.o(i.MX_TIM8_Init) refers to stm32g4xx_ll_gpio.o(i.LL_GPIO_Init) for LL_GPIO_Init
    stm32g4xx_it.o(i.DMA1_Channel1_IRQHandler) refers to stm32g4xx_it.o(i.LL_GPIO_SetOutputPin) for LL_GPIO_SetOutputPin
    stm32g4xx_it.o(i.DMA1_Channel1_IRQHandler) refers to stm32g4xx_it.o(i.LL_GPIO_ResetOutputPin) for LL_GPIO_ResetOutputPin
    stm32g4xx_it.o(i.DMA1_Channel1_IRQHandler) refers to stm32g4xx_it.o(.data) for dma_channel1_counter
    stm32g4xx_it.o(i.DMA1_Channel1_IRQHandler) refers to main.o(.data) for tim_burst_up
    stm32g4xx_it.o(i.DMA1_Channel2_IRQHandler) refers to stm32g4xx_it.o(i.LL_GPIO_SetOutputPin) for LL_GPIO_SetOutputPin
    stm32g4xx_it.o(i.DMA1_Channel2_IRQHandler) refers to stm32g4xx_it.o(i.LL_GPIO_ResetOutputPin) for LL_GPIO_ResetOutputPin
    stm32g4xx_it.o(i.DMA1_Channel2_IRQHandler) refers to stm32g4xx_it.o(.data) for dma_channel2_counter
    stm32g4xx_it.o(i.DMA1_Channel2_IRQHandler) refers to main.o(.data) for aADCxConvertedData
    stm32g4xx_it.o(i.TIM8_UP_IRQHandler) refers to stm32g4xx_it.o(i.LL_GPIO_SetOutputPin) for LL_GPIO_SetOutputPin
    stm32g4xx_it.o(i.TIM8_UP_IRQHandler) refers to stm32g4xx_it.o(i.LL_GPIO_ResetOutputPin) for LL_GPIO_ResetOutputPin
    stm32g4xx_it.o(i.TIM8_UP_IRQHandler) refers to stm32g4xx_it.o(.data) for tim8_up_counter
    stm32g4xx_ll_utils.o(i.LL_PLL_ConfigSystemClock_HSE) refers to stm32g4xx_ll_utils.o(i.UTILS_PLL_IsBusy) for UTILS_PLL_IsBusy
    stm32g4xx_ll_utils.o(i.LL_PLL_ConfigSystemClock_HSE) refers to stm32g4xx_ll_utils.o(i.UTILS_GetPLLOutputFrequency) for UTILS_GetPLLOutputFrequency
    stm32g4xx_ll_utils.o(i.LL_PLL_ConfigSystemClock_HSE) refers to stm32g4xx_ll_utils.o(i.LL_RCC_HSE_IsReady) for LL_RCC_HSE_IsReady
    stm32g4xx_ll_utils.o(i.LL_PLL_ConfigSystemClock_HSE) refers to stm32g4xx_ll_utils.o(i.LL_RCC_PLL_ConfigDomain_SYS) for LL_RCC_PLL_ConfigDomain_SYS
    stm32g4xx_ll_utils.o(i.LL_PLL_ConfigSystemClock_HSE) refers to stm32g4xx_ll_utils.o(i.UTILS_EnablePLLAndSwitchSystem) for UTILS_EnablePLLAndSwitchSystem
    stm32g4xx_ll_utils.o(i.LL_PLL_ConfigSystemClock_HSE) refers to stm32g4xx_ll_utils.o(i.LL_SetFlashLatency) for LL_SetFlashLatency
    stm32g4xx_ll_utils.o(i.LL_PLL_ConfigSystemClock_HSE) refers to stm32g4xx_ll_utils.o(i.LL_RCC_SetAHBPrescaler) for LL_RCC_SetAHBPrescaler
    stm32g4xx_ll_utils.o(i.LL_PLL_ConfigSystemClock_HSE) refers to stm32g4xx_ll_utils.o(i.LL_SetSystemCoreClock) for LL_SetSystemCoreClock
    stm32g4xx_ll_utils.o(i.LL_PLL_ConfigSystemClock_HSI) refers to stm32g4xx_ll_utils.o(i.UTILS_PLL_IsBusy) for UTILS_PLL_IsBusy
    stm32g4xx_ll_utils.o(i.LL_PLL_ConfigSystemClock_HSI) refers to stm32g4xx_ll_utils.o(i.UTILS_GetPLLOutputFrequency) for UTILS_GetPLLOutputFrequency
    stm32g4xx_ll_utils.o(i.LL_PLL_ConfigSystemClock_HSI) refers to stm32g4xx_ll_utils.o(i.LL_RCC_HSI_IsReady) for LL_RCC_HSI_IsReady
    stm32g4xx_ll_utils.o(i.LL_PLL_ConfigSystemClock_HSI) refers to stm32g4xx_ll_utils.o(i.LL_RCC_PLL_ConfigDomain_SYS) for LL_RCC_PLL_ConfigDomain_SYS
    stm32g4xx_ll_utils.o(i.LL_PLL_ConfigSystemClock_HSI) refers to stm32g4xx_ll_utils.o(i.UTILS_EnablePLLAndSwitchSystem) for UTILS_EnablePLLAndSwitchSystem
    stm32g4xx_ll_utils.o(i.LL_PLL_ConfigSystemClock_HSI) refers to stm32g4xx_ll_utils.o(i.LL_SetFlashLatency) for LL_SetFlashLatency
    stm32g4xx_ll_utils.o(i.LL_PLL_ConfigSystemClock_HSI) refers to stm32g4xx_ll_utils.o(i.LL_RCC_SetAHBPrescaler) for LL_RCC_SetAHBPrescaler
    stm32g4xx_ll_utils.o(i.LL_PLL_ConfigSystemClock_HSI) refers to stm32g4xx_ll_utils.o(i.LL_SetSystemCoreClock) for LL_SetSystemCoreClock
    stm32g4xx_ll_utils.o(i.LL_SetSystemCoreClock) refers to system_stm32g4xx.o(.data) for SystemCoreClock
    stm32g4xx_ll_utils.o(i.UTILS_EnablePLLAndSwitchSystem) refers to stm32g4xx_ll_utils.o(i.LL_SetFlashLatency) for LL_SetFlashLatency
    stm32g4xx_ll_utils.o(i.UTILS_EnablePLLAndSwitchSystem) refers to stm32g4xx_ll_utils.o(i.LL_RCC_PLL_IsReady) for LL_RCC_PLL_IsReady
    stm32g4xx_ll_utils.o(i.UTILS_EnablePLLAndSwitchSystem) refers to stm32g4xx_ll_utils.o(i.LL_RCC_SetAHBPrescaler) for LL_RCC_SetAHBPrescaler
    stm32g4xx_ll_utils.o(i.UTILS_EnablePLLAndSwitchSystem) refers to stm32g4xx_ll_utils.o(i.LL_SetSystemCoreClock) for LL_SetSystemCoreClock
    stm32g4xx_ll_utils.o(i.UTILS_EnablePLLAndSwitchSystem) refers to system_stm32g4xx.o(.constdata) for AHBPrescTable
    stm32g4xx_ll_utils.o(i.UTILS_EnablePLLAndSwitchSystem) refers to system_stm32g4xx.o(.data) for SystemCoreClock
    stm32g4xx_ll_utils.o(i.UTILS_PLL_IsBusy) refers to stm32g4xx_ll_utils.o(i.LL_RCC_PLL_IsReady) for LL_RCC_PLL_IsReady
    stm32g4xx_ll_exti.o(i.LL_EXTI_Init) refers to stm32g4xx_ll_exti.o(i.LL_EXTI_DisableEvent_0_31) for LL_EXTI_DisableEvent_0_31
    stm32g4xx_ll_exti.o(i.LL_EXTI_Init) refers to stm32g4xx_ll_exti.o(i.LL_EXTI_EnableIT_0_31) for LL_EXTI_EnableIT_0_31
    stm32g4xx_ll_exti.o(i.LL_EXTI_Init) refers to stm32g4xx_ll_exti.o(i.LL_EXTI_DisableIT_0_31) for LL_EXTI_DisableIT_0_31
    stm32g4xx_ll_exti.o(i.LL_EXTI_Init) refers to stm32g4xx_ll_exti.o(i.LL_EXTI_EnableEvent_0_31) for LL_EXTI_EnableEvent_0_31
    stm32g4xx_ll_exti.o(i.LL_EXTI_Init) refers to stm32g4xx_ll_exti.o(i.LL_EXTI_EnableRisingTrig_0_31) for LL_EXTI_EnableRisingTrig_0_31
    stm32g4xx_ll_exti.o(i.LL_EXTI_Init) refers to stm32g4xx_ll_exti.o(i.LL_EXTI_EnableFallingTrig_0_31) for LL_EXTI_EnableFallingTrig_0_31
    stm32g4xx_ll_exti.o(i.LL_EXTI_Init) refers to stm32g4xx_ll_exti.o(i.LL_EXTI_DisableEvent_32_63) for LL_EXTI_DisableEvent_32_63
    stm32g4xx_ll_exti.o(i.LL_EXTI_Init) refers to stm32g4xx_ll_exti.o(i.LL_EXTI_EnableIT_32_63) for LL_EXTI_EnableIT_32_63
    stm32g4xx_ll_exti.o(i.LL_EXTI_Init) refers to stm32g4xx_ll_exti.o(i.LL_EXTI_DisableIT_32_63) for LL_EXTI_DisableIT_32_63
    stm32g4xx_ll_exti.o(i.LL_EXTI_Init) refers to stm32g4xx_ll_exti.o(i.LL_EXTI_EnableEvent_32_63) for LL_EXTI_EnableEvent_32_63
    stm32g4xx_ll_exti.o(i.LL_EXTI_Init) refers to stm32g4xx_ll_exti.o(i.LL_EXTI_EnableRisingTrig_32_63) for LL_EXTI_EnableRisingTrig_32_63
    stm32g4xx_ll_exti.o(i.LL_EXTI_Init) refers to stm32g4xx_ll_exti.o(i.LL_EXTI_EnableFallingTrig_32_63) for LL_EXTI_EnableFallingTrig_32_63
    stm32g4xx_ll_gpio.o(i.LL_GPIO_DeInit) refers to stm32g4xx_ll_gpio.o(i.LL_AHB2_GRP1_ForceReset) for LL_AHB2_GRP1_ForceReset
    stm32g4xx_ll_gpio.o(i.LL_GPIO_DeInit) refers to stm32g4xx_ll_gpio.o(i.LL_AHB2_GRP1_ReleaseReset) for LL_AHB2_GRP1_ReleaseReset
    stm32g4xx_ll_adc.o(i.LL_ADC_CommonInit) refers to stm32g4xx_ll_adc.o(i.LL_ADC_IsEnabled) for LL_ADC_IsEnabled
    stm32g4xx_ll_adc.o(i.LL_ADC_DeInit) refers to stm32g4xx_ll_adc.o(i.LL_ADC_IsEnabled) for LL_ADC_IsEnabled
    stm32g4xx_ll_adc.o(i.LL_ADC_DeInit) refers to stm32g4xx_ll_adc.o(i.LL_ADC_REG_IsStopConversionOngoing) for LL_ADC_REG_IsStopConversionOngoing
    stm32g4xx_ll_adc.o(i.LL_ADC_DeInit) refers to stm32g4xx_ll_adc.o(i.LL_ADC_INJ_IsStopConversionOngoing) for LL_ADC_INJ_IsStopConversionOngoing
    stm32g4xx_ll_adc.o(i.LL_ADC_INJ_Init) refers to stm32g4xx_ll_adc.o(i.LL_ADC_IsEnabled) for LL_ADC_IsEnabled
    stm32g4xx_ll_adc.o(i.LL_ADC_Init) refers to stm32g4xx_ll_adc.o(i.LL_ADC_IsEnabled) for LL_ADC_IsEnabled
    stm32g4xx_ll_adc.o(i.LL_ADC_REG_Init) refers to stm32g4xx_ll_adc.o(i.LL_ADC_IsEnabled) for LL_ADC_IsEnabled
    stm32g4xx_ll_dma.o(i.LL_DMA_DeInit) refers to stm32g4xx_ll_dma.o(i.LL_AHB1_GRP1_ForceReset) for LL_AHB1_GRP1_ForceReset
    stm32g4xx_ll_dma.o(i.LL_DMA_DeInit) refers to stm32g4xx_ll_dma.o(i.LL_AHB1_GRP1_ReleaseReset) for LL_AHB1_GRP1_ReleaseReset
    stm32g4xx_ll_dma.o(i.LL_DMA_DeInit) refers to stm32g4xx_ll_dma.o(i.LL_DMA_SetPeriphRequest) for LL_DMA_SetPeriphRequest
    stm32g4xx_ll_dma.o(i.LL_DMA_Init) refers to stm32g4xx_ll_dma.o(i.LL_DMA_SetPeriphRequest) for LL_DMA_SetPeriphRequest
    stm32g4xx_ll_dma.o(i.LL_DMA_Init) refers to stm32g4xx_ll_dma.o(.constdata) for CHANNEL_OFFSET_TAB
    stm32g4xx_ll_tim.o(i.LL_TIM_DeInit) refers to stm32g4xx_ll_tim.o(i.LL_APB2_GRP1_ForceReset) for LL_APB2_GRP1_ForceReset
    stm32g4xx_ll_tim.o(i.LL_TIM_DeInit) refers to stm32g4xx_ll_tim.o(i.LL_APB2_GRP1_ReleaseReset) for LL_APB2_GRP1_ReleaseReset
    stm32g4xx_ll_tim.o(i.LL_TIM_DeInit) refers to stm32g4xx_ll_tim.o(i.LL_APB1_GRP1_ForceReset) for LL_APB1_GRP1_ForceReset
    stm32g4xx_ll_tim.o(i.LL_TIM_DeInit) refers to stm32g4xx_ll_tim.o(i.LL_APB1_GRP1_ReleaseReset) for LL_APB1_GRP1_ReleaseReset
    stm32g4xx_ll_tim.o(i.LL_TIM_HALLSENSOR_Init) refers to stm32g4xx_ll_tim.o(i.LL_TIM_OC_SetCompareCH2) for LL_TIM_OC_SetCompareCH2
    stm32g4xx_ll_tim.o(i.LL_TIM_IC_Init) refers to stm32g4xx_ll_tim.o(i.IC1Config) for IC1Config
    stm32g4xx_ll_tim.o(i.LL_TIM_IC_Init) refers to stm32g4xx_ll_tim.o(i.IC2Config) for IC2Config
    stm32g4xx_ll_tim.o(i.LL_TIM_IC_Init) refers to stm32g4xx_ll_tim.o(i.IC3Config) for IC3Config
    stm32g4xx_ll_tim.o(i.LL_TIM_IC_Init) refers to stm32g4xx_ll_tim.o(i.IC4Config) for IC4Config
    stm32g4xx_ll_tim.o(i.LL_TIM_OC_Init) refers to stm32g4xx_ll_tim.o(i.OC1Config) for OC1Config
    stm32g4xx_ll_tim.o(i.LL_TIM_OC_Init) refers to stm32g4xx_ll_tim.o(i.OC2Config) for OC2Config
    stm32g4xx_ll_tim.o(i.LL_TIM_OC_Init) refers to stm32g4xx_ll_tim.o(i.OC3Config) for OC3Config
    stm32g4xx_ll_tim.o(i.LL_TIM_OC_Init) refers to stm32g4xx_ll_tim.o(i.OC4Config) for OC4Config
    stm32g4xx_ll_tim.o(i.LL_TIM_OC_Init) refers to stm32g4xx_ll_tim.o(i.OC5Config) for OC5Config
    stm32g4xx_ll_tim.o(i.LL_TIM_OC_Init) refers to stm32g4xx_ll_tim.o(i.OC6Config) for OC6Config
    stm32g4xx_ll_tim.o(i.OC2Config) refers to stm32g4xx_ll_tim.o(i.LL_TIM_OC_SetCompareCH2) for LL_TIM_OC_SetCompareCH2
    system_stm32g4xx.o(i.SystemCoreClockUpdate) refers to system_stm32g4xx.o(.data) for SystemCoreClock
    system_stm32g4xx.o(i.SystemCoreClockUpdate) refers to system_stm32g4xx.o(.constdata) for AHBPrescTable
    entry.o(.ARM.Collect$$$$00000000) refers (Special) to entry10a.o(.ARM.Collect$$$$0000000D) for __rt_final_cpp
    entry.o(.ARM.Collect$$$$00000000) refers (Special) to entry11a.o(.ARM.Collect$$$$0000000F) for __rt_final_exit
    entry.o(.ARM.Collect$$$$00000000) refers (Special) to entry7b.o(.ARM.Collect$$$$00000008) for _main_clock
    entry.o(.ARM.Collect$$$$00000000) refers (Special) to entry8b.o(.ARM.Collect$$$$0000000A) for _main_cpp_init
    entry.o(.ARM.Collect$$$$00000000) refers (Special) to entry9a.o(.ARM.Collect$$$$0000000B) for _main_init
    entry.o(.ARM.Collect$$$$00000000) refers (Special) to entry5.o(.ARM.Collect$$$$00000004) for _main_scatterload
    entry.o(.ARM.Collect$$$$00000000) refers (Special) to entry2.o(.ARM.Collect$$$$00000001) for _main_stk
    entry2.o(.ARM.Collect$$$$00000001) refers to entry2.o(.ARM.Collect$$$$00002712) for __lit__00000000
    entry2.o(.ARM.Collect$$$$00002712) refers to startup_stm32g431xx.o(STACK) for __initial_sp
    entry2.o(__vectab_stack_and_reset_area) refers to startup_stm32g431xx.o(STACK) for __initial_sp
    entry2.o(__vectab_stack_and_reset_area) refers to entry.o(.ARM.Collect$$$$00000000) for __main
    entry5.o(.ARM.Collect$$$$00000004) refers to init.o(.text) for __scatterload
    entry9a.o(.ARM.Collect$$$$0000000B) refers to main.o(i.main) for main
    entry9b.o(.ARM.Collect$$$$0000000C) refers to main.o(i.main) for main
    init.o(.text) refers to entry5.o(.ARM.Collect$$$$00000004) for __main_after_scatterload


==============================================================================

Removing Unused input sections from the image.

    Removing startup_stm32g431xx.o(HEAP), (512 bytes).
    Removing main.o(.rev16_text), (4 bytes).
    Removing main.o(.revsh_text), (4 bytes).
    Removing main.o(.rrx_text), (6 bytes).
    Removing main.o(i.Error_Handler), (2 bytes).
    Removing gpio.o(.rev16_text), (4 bytes).
    Removing gpio.o(.revsh_text), (4 bytes).
    Removing gpio.o(.rrx_text), (6 bytes).
    Removing gpio.o(.constdata), (56 bytes).
    Removing adc.o(.rev16_text), (4 bytes).
    Removing adc.o(.revsh_text), (4 bytes).
    Removing adc.o(.rrx_text), (6 bytes).
    Removing dma.o(.rev16_text), (4 bytes).
    Removing dma.o(.revsh_text), (4 bytes).
    Removing dma.o(.rrx_text), (6 bytes).
    Removing dma.o(.constdata), (56 bytes).
    Removing tim.o(.rev16_text), (4 bytes).
    Removing tim.o(.revsh_text), (4 bytes).
    Removing tim.o(.rrx_text), (6 bytes).
    Removing stm32g4xx_it.o(.rev16_text), (4 bytes).
    Removing stm32g4xx_it.o(.revsh_text), (4 bytes).
    Removing stm32g4xx_it.o(.rrx_text), (6 bytes).
    Removing stm32g4xx_it.o(.constdata), (56 bytes).
    Removing stm32g4xx_ll_utils.o(.rev16_text), (4 bytes).
    Removing stm32g4xx_ll_utils.o(.revsh_text), (4 bytes).
    Removing stm32g4xx_ll_utils.o(.rrx_text), (6 bytes).
    Removing stm32g4xx_ll_utils.o(i.LL_PLL_ConfigSystemClock_HSE), (200 bytes).
    Removing stm32g4xx_ll_utils.o(i.LL_PLL_ConfigSystemClock_HSI), (156 bytes).
    Removing stm32g4xx_ll_utils.o(i.LL_RCC_HSE_IsReady), (16 bytes).
    Removing stm32g4xx_ll_utils.o(i.LL_RCC_HSI_IsReady), (16 bytes).
    Removing stm32g4xx_ll_utils.o(i.LL_RCC_PLL_ConfigDomain_SYS), (36 bytes).
    Removing stm32g4xx_ll_utils.o(i.LL_RCC_PLL_IsReady), (16 bytes).
    Removing stm32g4xx_ll_utils.o(i.LL_RCC_SetAHBPrescaler), (20 bytes).
    Removing stm32g4xx_ll_utils.o(i.LL_SetFlashLatency), (244 bytes).
    Removing stm32g4xx_ll_utils.o(i.LL_mDelay), (44 bytes).
    Removing stm32g4xx_ll_utils.o(i.UTILS_EnablePLLAndSwitchSystem), (208 bytes).
    Removing stm32g4xx_ll_utils.o(i.UTILS_GetPLLOutputFrequency), (38 bytes).
    Removing stm32g4xx_ll_utils.o(i.UTILS_PLL_IsBusy), (16 bytes).
    Removing stm32g4xx_ll_exti.o(.rev16_text), (4 bytes).
    Removing stm32g4xx_ll_exti.o(.revsh_text), (4 bytes).
    Removing stm32g4xx_ll_exti.o(.rrx_text), (6 bytes).
    Removing stm32g4xx_ll_exti.o(i.LL_EXTI_DeInit), (80 bytes).
    Removing stm32g4xx_ll_exti.o(i.LL_EXTI_DisableEvent_0_31), (16 bytes).
    Removing stm32g4xx_ll_exti.o(i.LL_EXTI_DisableEvent_32_63), (16 bytes).
    Removing stm32g4xx_ll_exti.o(i.LL_EXTI_DisableIT_0_31), (16 bytes).
    Removing stm32g4xx_ll_exti.o(i.LL_EXTI_DisableIT_32_63), (16 bytes).
    Removing stm32g4xx_ll_exti.o(i.LL_EXTI_EnableEvent_0_31), (16 bytes).
    Removing stm32g4xx_ll_exti.o(i.LL_EXTI_EnableEvent_32_63), (16 bytes).
    Removing stm32g4xx_ll_exti.o(i.LL_EXTI_EnableFallingTrig_0_31), (16 bytes).
    Removing stm32g4xx_ll_exti.o(i.LL_EXTI_EnableFallingTrig_32_63), (16 bytes).
    Removing stm32g4xx_ll_exti.o(i.LL_EXTI_EnableIT_0_31), (16 bytes).
    Removing stm32g4xx_ll_exti.o(i.LL_EXTI_EnableIT_32_63), (16 bytes).
    Removing stm32g4xx_ll_exti.o(i.LL_EXTI_EnableRisingTrig_0_31), (16 bytes).
    Removing stm32g4xx_ll_exti.o(i.LL_EXTI_EnableRisingTrig_32_63), (16 bytes).
    Removing stm32g4xx_ll_exti.o(i.LL_EXTI_Init), (368 bytes).
    Removing stm32g4xx_ll_exti.o(i.LL_EXTI_StructInit), (16 bytes).
    Removing stm32g4xx_ll_gpio.o(.rev16_text), (4 bytes).
    Removing stm32g4xx_ll_gpio.o(.revsh_text), (4 bytes).
    Removing stm32g4xx_ll_gpio.o(.rrx_text), (6 bytes).
    Removing stm32g4xx_ll_gpio.o(i.LL_AHB2_GRP1_ForceReset), (16 bytes).
    Removing stm32g4xx_ll_gpio.o(i.LL_AHB2_GRP1_ReleaseReset), (16 bytes).
    Removing stm32g4xx_ll_gpio.o(i.LL_GPIO_DeInit), (176 bytes).
    Removing stm32g4xx_ll_gpio.o(i.LL_GPIO_StructInit), (22 bytes).
    Removing stm32g4xx_ll_adc.o(.rev16_text), (4 bytes).
    Removing stm32g4xx_ll_adc.o(.revsh_text), (4 bytes).
    Removing stm32g4xx_ll_adc.o(.rrx_text), (6 bytes).
    Removing stm32g4xx_ll_adc.o(i.LL_ADC_CommonDeInit), (52 bytes).
    Removing stm32g4xx_ll_adc.o(i.LL_ADC_CommonStructInit), (16 bytes).
    Removing stm32g4xx_ll_adc.o(i.LL_ADC_DeInit), (524 bytes).
    Removing stm32g4xx_ll_adc.o(i.LL_ADC_INJ_Init), (80 bytes).
    Removing stm32g4xx_ll_adc.o(i.LL_ADC_INJ_IsStopConversionOngoing), (10 bytes).
    Removing stm32g4xx_ll_adc.o(i.LL_ADC_INJ_StructInit), (12 bytes).
    Removing stm32g4xx_ll_adc.o(i.LL_ADC_REG_IsStopConversionOngoing), (10 bytes).
    Removing stm32g4xx_ll_adc.o(i.LL_ADC_REG_StructInit), (20 bytes).
    Removing stm32g4xx_ll_adc.o(i.LL_ADC_StructInit), (10 bytes).
    Removing stm32g4xx_ll_dma.o(.rev16_text), (4 bytes).
    Removing stm32g4xx_ll_dma.o(.revsh_text), (4 bytes).
    Removing stm32g4xx_ll_dma.o(.rrx_text), (6 bytes).
    Removing stm32g4xx_ll_dma.o(i.LL_AHB1_GRP1_ForceReset), (16 bytes).
    Removing stm32g4xx_ll_dma.o(i.LL_AHB1_GRP1_ReleaseReset), (16 bytes).
    Removing stm32g4xx_ll_dma.o(i.LL_DMA_DeInit), (368 bytes).
    Removing stm32g4xx_ll_dma.o(i.LL_DMA_Init), (136 bytes).
    Removing stm32g4xx_ll_dma.o(i.LL_DMA_SetPeriphRequest), (48 bytes).
    Removing stm32g4xx_ll_dma.o(i.LL_DMA_StructInit), (26 bytes).
    Removing stm32g4xx_ll_dma.o(.constdata), (6 bytes).
    Removing stm32g4xx_ll_pwr.o(.rev16_text), (4 bytes).
    Removing stm32g4xx_ll_pwr.o(.revsh_text), (4 bytes).
    Removing stm32g4xx_ll_pwr.o(.rrx_text), (6 bytes).
    Removing stm32g4xx_ll_pwr.o(i.LL_PWR_DeInit), (36 bytes).
    Removing stm32g4xx_ll_tim.o(.rev16_text), (4 bytes).
    Removing stm32g4xx_ll_tim.o(.revsh_text), (4 bytes).
    Removing stm32g4xx_ll_tim.o(.rrx_text), (6 bytes).
    Removing stm32g4xx_ll_tim.o(i.IC1Config), (52 bytes).
    Removing stm32g4xx_ll_tim.o(i.IC2Config), (56 bytes).
    Removing stm32g4xx_ll_tim.o(i.IC3Config), (58 bytes).
    Removing stm32g4xx_ll_tim.o(i.IC4Config), (58 bytes).
    Removing stm32g4xx_ll_tim.o(i.LL_APB1_GRP1_ForceReset), (16 bytes).
    Removing stm32g4xx_ll_tim.o(i.LL_APB1_GRP1_ReleaseReset), (16 bytes).
    Removing stm32g4xx_ll_tim.o(i.LL_APB2_GRP1_ForceReset), (16 bytes).
    Removing stm32g4xx_ll_tim.o(i.LL_APB2_GRP1_ReleaseReset), (16 bytes).
    Removing stm32g4xx_ll_tim.o(i.LL_TIM_BDTR_StructInit), (30 bytes).
    Removing stm32g4xx_ll_tim.o(i.LL_TIM_DeInit), (260 bytes).
    Removing stm32g4xx_ll_tim.o(i.LL_TIM_ENCODER_Init), (104 bytes).
    Removing stm32g4xx_ll_tim.o(i.LL_TIM_ENCODER_StructInit), (36 bytes).
    Removing stm32g4xx_ll_tim.o(i.LL_TIM_HALLSENSOR_Init), (124 bytes).
    Removing stm32g4xx_ll_tim.o(i.LL_TIM_HALLSENSOR_StructInit), (12 bytes).
    Removing stm32g4xx_ll_tim.o(i.LL_TIM_IC_Init), (92 bytes).
    Removing stm32g4xx_ll_tim.o(i.LL_TIM_IC_StructInit), (18 bytes).
    Removing stm32g4xx_ll_tim.o(i.LL_TIM_OC_StructInit), (20 bytes).
    Removing stm32g4xx_ll_tim.o(i.LL_TIM_StructInit), (18 bytes).
    Removing stm32g4xx_ll_tim.o(.constdata), (50 bytes).
    Removing system_stm32g4xx.o(.rev16_text), (4 bytes).
    Removing system_stm32g4xx.o(.revsh_text), (4 bytes).
    Removing system_stm32g4xx.o(.rrx_text), (6 bytes).
    Removing system_stm32g4xx.o(i.SystemCoreClockUpdate), (156 bytes).
    Removing system_stm32g4xx.o(.constdata), (24 bytes).

116 unused section(s) (total 5392 bytes) removed from the image.

==============================================================================

Image Symbol Table

    Local Symbols

    Symbol Name                              Value     Ov Type        Size  Object(Section)

    ../Drivers/STM32G4xx_HAL_Driver/Src/stm32g4xx_ll_adc.c 0x00000000   Number         0  stm32g4xx_ll_adc.o ABSOLUTE
    ../Drivers/STM32G4xx_HAL_Driver/Src/stm32g4xx_ll_dma.c 0x00000000   Number         0  stm32g4xx_ll_dma.o ABSOLUTE
    ../Drivers/STM32G4xx_HAL_Driver/Src/stm32g4xx_ll_exti.c 0x00000000   Number         0  stm32g4xx_ll_exti.o ABSOLUTE
    ../Drivers/STM32G4xx_HAL_Driver/Src/stm32g4xx_ll_gpio.c 0x00000000   Number         0  stm32g4xx_ll_gpio.o ABSOLUTE
    ../Drivers/STM32G4xx_HAL_Driver/Src/stm32g4xx_ll_pwr.c 0x00000000   Number         0  stm32g4xx_ll_pwr.o ABSOLUTE
    ../Drivers/STM32G4xx_HAL_Driver/Src/stm32g4xx_ll_tim.c 0x00000000   Number         0  stm32g4xx_ll_tim.o ABSOLUTE
    ../Drivers/STM32G4xx_HAL_Driver/Src/stm32g4xx_ll_utils.c 0x00000000   Number         0  stm32g4xx_ll_utils.o ABSOLUTE
    ../Src/adc.c                             0x00000000   Number         0  adc.o ABSOLUTE
    ../Src/dma.c                             0x00000000   Number         0  dma.o ABSOLUTE
    ../Src/gpio.c                            0x00000000   Number         0  gpio.o ABSOLUTE
    ../Src/main.c                            0x00000000   Number         0  main.o ABSOLUTE
    ../Src/stm32g4xx_it.c                    0x00000000   Number         0  stm32g4xx_it.o ABSOLUTE
    ../Src/system_stm32g4xx.c                0x00000000   Number         0  system_stm32g4xx.o ABSOLUTE
    ../Src/tim.c                             0x00000000   Number         0  tim.o ABSOLUTE
    ../clib/microlib/init/entry.s            0x00000000   Number         0  entry9a.o ABSOLUTE
    ../clib/microlib/init/entry.s            0x00000000   Number         0  entry10a.o ABSOLUTE
    ../clib/microlib/init/entry.s            0x00000000   Number         0  entry10b.o ABSOLUTE
    ../clib/microlib/init/entry.s            0x00000000   Number         0  entry8a.o ABSOLUTE
    ../clib/microlib/init/entry.s            0x00000000   Number         0  entry.o ABSOLUTE
    ../clib/microlib/init/entry.s            0x00000000   Number         0  entry2.o ABSOLUTE
    ../clib/microlib/init/entry.s            0x00000000   Number         0  entry5.o ABSOLUTE
    ../clib/microlib/init/entry.s            0x00000000   Number         0  entry7a.o ABSOLUTE
    ../clib/microlib/init/entry.s            0x00000000   Number         0  entry7b.o ABSOLUTE
    ../clib/microlib/init/entry.s            0x00000000   Number         0  entry8b.o ABSOLUTE
    ../clib/microlib/init/entry.s            0x00000000   Number         0  entry9b.o ABSOLUTE
    ../clib/microlib/init/entry.s            0x00000000   Number         0  entry11b.o ABSOLUTE
    ../clib/microlib/init/entry.s            0x00000000   Number         0  entry11a.o ABSOLUTE
    ../clib/microlib/string/memset.c         0x00000000   Number         0  memseta.o ABSOLUTE
    ..\Drivers\STM32G4xx_HAL_Driver\Src\stm32g4xx_ll_adc.c 0x00000000   Number         0  stm32g4xx_ll_adc.o ABSOLUTE
    ..\Drivers\STM32G4xx_HAL_Driver\Src\stm32g4xx_ll_dma.c 0x00000000   Number         0  stm32g4xx_ll_dma.o ABSOLUTE
    ..\Drivers\STM32G4xx_HAL_Driver\Src\stm32g4xx_ll_exti.c 0x00000000   Number         0  stm32g4xx_ll_exti.o ABSOLUTE
    ..\Drivers\STM32G4xx_HAL_Driver\Src\stm32g4xx_ll_gpio.c 0x00000000   Number         0  stm32g4xx_ll_gpio.o ABSOLUTE
    ..\Drivers\STM32G4xx_HAL_Driver\Src\stm32g4xx_ll_pwr.c 0x00000000   Number         0  stm32g4xx_ll_pwr.o ABSOLUTE
    ..\Drivers\STM32G4xx_HAL_Driver\Src\stm32g4xx_ll_tim.c 0x00000000   Number         0  stm32g4xx_ll_tim.o ABSOLUTE
    ..\Drivers\STM32G4xx_HAL_Driver\Src\stm32g4xx_ll_utils.c 0x00000000   Number         0  stm32g4xx_ll_utils.o ABSOLUTE
    ..\Src\adc.c                             0x00000000   Number         0  adc.o ABSOLUTE
    ..\Src\dma.c                             0x00000000   Number         0  dma.o ABSOLUTE
    ..\Src\gpio.c                            0x00000000   Number         0  gpio.o ABSOLUTE
    ..\Src\main.c                            0x00000000   Number         0  main.o ABSOLUTE
    ..\Src\stm32g4xx_it.c                    0x00000000   Number         0  stm32g4xx_it.o ABSOLUTE
    ..\Src\system_stm32g4xx.c                0x00000000   Number         0  system_stm32g4xx.o ABSOLUTE
    ..\Src\tim.c                             0x00000000   Number         0  tim.o ABSOLUTE
    dc.s                                     0x00000000   Number         0  dc.o ABSOLUTE
    handlers.s                               0x00000000   Number         0  handlers.o ABSOLUTE
    init.s                                   0x00000000   Number         0  init.o ABSOLUTE
    startup_stm32g431xx.s                    0x00000000   Number         0  startup_stm32g431xx.o ABSOLUTE
    RESET                                    0x08000000   Section      472  startup_stm32g431xx.o(RESET)
    .ARM.Collect$$$$00000000                 0x080001d8   Section        0  entry.o(.ARM.Collect$$$$00000000)
    .ARM.Collect$$$$00000001                 0x080001d8   Section        4  entry2.o(.ARM.Collect$$$$00000001)
    .ARM.Collect$$$$00000004                 0x080001dc   Section        4  entry5.o(.ARM.Collect$$$$00000004)
    .ARM.Collect$$$$00000008                 0x080001e0   Section        0  entry7b.o(.ARM.Collect$$$$00000008)
    .ARM.Collect$$$$0000000A                 0x080001e0   Section        0  entry8b.o(.ARM.Collect$$$$0000000A)
    .ARM.Collect$$$$0000000B                 0x080001e0   Section        8  entry9a.o(.ARM.Collect$$$$0000000B)
    .ARM.Collect$$$$0000000D                 0x080001e8   Section        0  entry10a.o(.ARM.Collect$$$$0000000D)
    .ARM.Collect$$$$0000000F                 0x080001e8   Section        0  entry11a.o(.ARM.Collect$$$$0000000F)
    .ARM.Collect$$$$00002712                 0x080001e8   Section        4  entry2.o(.ARM.Collect$$$$00002712)
    __lit__00000000                          0x080001e8   Data           4  entry2.o(.ARM.Collect$$$$00002712)
    .text                                    0x080001ec   Section       36  startup_stm32g431xx.o(.text)
    $v0                                      0x080001ec   Number         0  startup_stm32g431xx.o(.text)
    .text                                    0x08000210   Section        0  memseta.o(.text)
    .text                                    0x08000234   Section       36  init.o(.text)
    i.BusFault_Handler                       0x08000258   Section        0  stm32g4xx_it.o(i.BusFault_Handler)
    i.DMA1_Channel1_IRQHandler               0x0800025c   Section        0  stm32g4xx_it.o(i.DMA1_Channel1_IRQHandler)
    i.DMA1_Channel2_IRQHandler               0x080002ec   Section        0  stm32g4xx_it.o(i.DMA1_Channel2_IRQHandler)
    i.DebugMon_Handler                       0x08000348   Section        0  stm32g4xx_it.o(i.DebugMon_Handler)
    i.HardFault_Handler                      0x0800034a   Section        0  stm32g4xx_it.o(i.HardFault_Handler)
    i.Initialize_ADC                         0x08000350   Section        0  main.o(i.Initialize_ADC)
    i.Initialize_DMA_ADC                     0x0800046c   Section        0  main.o(i.Initialize_DMA_ADC)
    i.Initialize_DMA_TIM8                    0x080004f0   Section        0  main.o(i.Initialize_DMA_TIM8)
    i.Initialize_TIM8                        0x08000570   Section        0  main.o(i.Initialize_TIM8)
    i.LL_ADC_CommonInit                      0x080005e4   Section        0  stm32g4xx_ll_adc.o(i.LL_ADC_CommonInit)
    i.LL_ADC_Init                            0x08000644   Section        0  stm32g4xx_ll_adc.o(i.LL_ADC_Init)
    i.LL_ADC_IsEnabled                       0x08000672   Section        0  main.o(i.LL_ADC_IsEnabled)
    LL_ADC_IsEnabled                         0x08000673   Thumb Code    10  main.o(i.LL_ADC_IsEnabled)
    i.LL_ADC_IsEnabled                       0x0800067c   Section        0  stm32g4xx_ll_adc.o(i.LL_ADC_IsEnabled)
    LL_ADC_IsEnabled                         0x0800067d   Thumb Code    10  stm32g4xx_ll_adc.o(i.LL_ADC_IsEnabled)
    i.LL_ADC_REG_Init                        0x08000688   Section        0  stm32g4xx_ll_adc.o(i.LL_ADC_REG_Init)
    i.LL_ADC_REG_SetSequencerRanks           0x080006f4   Section        0  adc.o(i.LL_ADC_REG_SetSequencerRanks)
    LL_ADC_REG_SetSequencerRanks             0x080006f5   Thumb Code    42  adc.o(i.LL_ADC_REG_SetSequencerRanks)
    i.LL_ADC_SetChannelSamplingTime          0x0800071e   Section        0  adc.o(i.LL_ADC_SetChannelSamplingTime)
    LL_ADC_SetChannelSamplingTime            0x0800071f   Thumb Code    40  adc.o(i.LL_ADC_SetChannelSamplingTime)
    i.LL_ADC_SetChannelSingleDiff            0x08000748   Section        0  adc.o(i.LL_ADC_SetChannelSingleDiff)
    LL_ADC_SetChannelSingleDiff              0x08000749   Thumb Code    30  adc.o(i.LL_ADC_SetChannelSingleDiff)
    i.LL_AHB1_GRP1_EnableClock               0x0800076c   Section        0  dma.o(i.LL_AHB1_GRP1_EnableClock)
    LL_AHB1_GRP1_EnableClock                 0x0800076d   Thumb Code    24  dma.o(i.LL_AHB1_GRP1_EnableClock)
    i.LL_AHB2_GRP1_EnableClock               0x08000788   Section        0  gpio.o(i.LL_AHB2_GRP1_EnableClock)
    LL_AHB2_GRP1_EnableClock                 0x08000789   Thumb Code    24  gpio.o(i.LL_AHB2_GRP1_EnableClock)
    i.LL_AHB2_GRP1_EnableClock               0x080007a4   Section        0  adc.o(i.LL_AHB2_GRP1_EnableClock)
    LL_AHB2_GRP1_EnableClock                 0x080007a5   Thumb Code    24  adc.o(i.LL_AHB2_GRP1_EnableClock)
    i.LL_AHB2_GRP1_EnableClock               0x080007c0   Section        0  tim.o(i.LL_AHB2_GRP1_EnableClock)
    LL_AHB2_GRP1_EnableClock                 0x080007c1   Thumb Code    24  tim.o(i.LL_AHB2_GRP1_EnableClock)
    i.LL_DMA_ConfigAddresses                 0x080007dc   Section        0  main.o(i.LL_DMA_ConfigAddresses)
    LL_DMA_ConfigAddresses                   0x080007dd   Thumb Code    48  main.o(i.LL_DMA_ConfigAddresses)
    i.LL_DMA_EnableChannel                   0x08000810   Section        0  main.o(i.LL_DMA_EnableChannel)
    LL_DMA_EnableChannel                     0x08000811   Thumb Code    22  main.o(i.LL_DMA_EnableChannel)
    i.LL_DMA_EnableIT_TC                     0x0800082c   Section        0  main.o(i.LL_DMA_EnableIT_TC)
    LL_DMA_EnableIT_TC                       0x0800082d   Thumb Code    22  main.o(i.LL_DMA_EnableIT_TC)
    i.LL_DMA_EnableIT_TE                     0x08000848   Section        0  main.o(i.LL_DMA_EnableIT_TE)
    LL_DMA_EnableIT_TE                       0x08000849   Thumb Code    22  main.o(i.LL_DMA_EnableIT_TE)
    i.LL_DMA_SetDataLength                   0x08000864   Section        0  main.o(i.LL_DMA_SetDataLength)
    LL_DMA_SetDataLength                     0x08000865   Thumb Code    28  main.o(i.LL_DMA_SetDataLength)
    i.LL_GPIO_Init                           0x08000884   Section        0  stm32g4xx_ll_gpio.o(i.LL_GPIO_Init)
    i.LL_GPIO_ResetOutputPin                 0x080009bc   Section        0  gpio.o(i.LL_GPIO_ResetOutputPin)
    LL_GPIO_ResetOutputPin                   0x080009bd   Thumb Code     4  gpio.o(i.LL_GPIO_ResetOutputPin)
    i.LL_GPIO_ResetOutputPin                 0x080009c0   Section        0  stm32g4xx_it.o(i.LL_GPIO_ResetOutputPin)
    LL_GPIO_ResetOutputPin                   0x080009c1   Thumb Code     4  stm32g4xx_it.o(i.LL_GPIO_ResetOutputPin)
    i.LL_GPIO_SetOutputPin                   0x080009c4   Section        0  stm32g4xx_it.o(i.LL_GPIO_SetOutputPin)
    LL_GPIO_SetOutputPin                     0x080009c5   Thumb Code     4  stm32g4xx_it.o(i.LL_GPIO_SetOutputPin)
    i.LL_Init1msTick                         0x080009c8   Section        0  stm32g4xx_ll_utils.o(i.LL_Init1msTick)
    i.LL_RCC_SetAHBPrescaler                 0x080009e4   Section        0  main.o(i.LL_RCC_SetAHBPrescaler)
    LL_RCC_SetAHBPrescaler                   0x080009e5   Thumb Code    16  main.o(i.LL_RCC_SetAHBPrescaler)
    i.LL_SetSystemCoreClock                  0x080009f8   Section        0  stm32g4xx_ll_utils.o(i.LL_SetSystemCoreClock)
    i.LL_TIM_BDTR_Init                       0x08000a04   Section        0  stm32g4xx_ll_tim.o(i.LL_TIM_BDTR_Init)
    i.LL_TIM_Init                            0x08000ab4   Section        0  stm32g4xx_ll_tim.o(i.LL_TIM_Init)
    i.LL_TIM_OC_DisableFast                  0x08000b7c   Section        0  tim.o(i.LL_TIM_OC_DisableFast)
    LL_TIM_OC_DisableFast                    0x08000b7d   Thumb Code   116  tim.o(i.LL_TIM_OC_DisableFast)
    i.LL_TIM_OC_DisablePreload               0x08000bf8   Section        0  tim.o(i.LL_TIM_OC_DisablePreload)
    LL_TIM_OC_DisablePreload                 0x08000bf9   Thumb Code   116  tim.o(i.LL_TIM_OC_DisablePreload)
    i.LL_TIM_OC_EnablePreload                0x08000c74   Section        0  tim.o(i.LL_TIM_OC_EnablePreload)
    LL_TIM_OC_EnablePreload                  0x08000c75   Thumb Code   116  tim.o(i.LL_TIM_OC_EnablePreload)
    i.LL_TIM_OC_Init                         0x08000cf0   Section        0  stm32g4xx_ll_tim.o(i.LL_TIM_OC_Init)
    i.LL_TIM_OC_SetCompareCH2                0x08000d74   Section        0  stm32g4xx_ll_tim.o(i.LL_TIM_OC_SetCompareCH2)
    LL_TIM_OC_SetCompareCH2                  0x08000d75   Thumb Code     4  stm32g4xx_ll_tim.o(i.LL_TIM_OC_SetCompareCH2)
    i.MX_ADC1_Init                           0x08000d78   Section        0  adc.o(i.MX_ADC1_Init)
    i.MX_DMA_Init                            0x08001040   Section        0  dma.o(i.MX_DMA_Init)
    i.MX_GPIO_Init                           0x0800108c   Section        0  gpio.o(i.MX_GPIO_Init)
    i.MX_TIM8_Init                           0x08001144   Section        0  tim.o(i.MX_TIM8_Init)
    i.MemManage_Handler                      0x08001658   Section        0  stm32g4xx_it.o(i.MemManage_Handler)
    i.NMI_Handler                            0x0800165c   Section        0  stm32g4xx_it.o(i.NMI_Handler)
    i.NVIC_EncodePriority                    0x0800165e   Section        0  dma.o(i.NVIC_EncodePriority)
    NVIC_EncodePriority                      0x0800165f   Thumb Code    64  dma.o(i.NVIC_EncodePriority)
    i.OC1Config                              0x080016a0   Section        0  stm32g4xx_ll_tim.o(i.OC1Config)
    OC1Config                                0x080016a1   Thumb Code   140  stm32g4xx_ll_tim.o(i.OC1Config)
    i.OC2Config                              0x08001744   Section        0  stm32g4xx_ll_tim.o(i.OC2Config)
    OC2Config                                0x08001745   Thumb Code   150  stm32g4xx_ll_tim.o(i.OC2Config)
    i.OC3Config                              0x080017f4   Section        0  stm32g4xx_ll_tim.o(i.OC3Config)
    OC3Config                                0x080017f5   Thumb Code   140  stm32g4xx_ll_tim.o(i.OC3Config)
    i.OC4Config                              0x08001898   Section        0  stm32g4xx_ll_tim.o(i.OC4Config)
    OC4Config                                0x08001899   Thumb Code   138  stm32g4xx_ll_tim.o(i.OC4Config)
    i.OC5Config                              0x0800193c   Section        0  stm32g4xx_ll_tim.o(i.OC5Config)
    OC5Config                                0x0800193d   Thumb Code   108  stm32g4xx_ll_tim.o(i.OC5Config)
    i.OC6Config                              0x080019c0   Section        0  stm32g4xx_ll_tim.o(i.OC6Config)
    OC6Config                                0x080019c1   Thumb Code   104  stm32g4xx_ll_tim.o(i.OC6Config)
    i.PendSV_Handler                         0x08001a40   Section        0  stm32g4xx_it.o(i.PendSV_Handler)
    i.SVC_Handler                            0x08001a42   Section        0  stm32g4xx_it.o(i.SVC_Handler)
    i.SysTick_Handler                        0x08001a44   Section        0  stm32g4xx_it.o(i.SysTick_Handler)
    i.SystemClock_Config                     0x08001a48   Section        0  main.o(i.SystemClock_Config)
    i.SystemInit                             0x08001bb8   Section        0  system_stm32g4xx.o(i.SystemInit)
    i.TIM8_UP_IRQHandler                     0x08001bd4   Section        0  stm32g4xx_it.o(i.TIM8_UP_IRQHandler)
    i.UsageFault_Handler                     0x08001c24   Section        0  stm32g4xx_it.o(i.UsageFault_Handler)
    i.__NVIC_EnableIRQ                       0x08001c28   Section        0  dma.o(i.__NVIC_EnableIRQ)
    __NVIC_EnableIRQ                         0x08001c29   Thumb Code    26  dma.o(i.__NVIC_EnableIRQ)
    i.__NVIC_GetPriorityGrouping             0x08001c44   Section        0  dma.o(i.__NVIC_GetPriorityGrouping)
    __NVIC_GetPriorityGrouping               0x08001c45   Thumb Code    10  dma.o(i.__NVIC_GetPriorityGrouping)
    i.__NVIC_SetPriority                     0x08001c54   Section        0  dma.o(i.__NVIC_SetPriority)
    __NVIC_SetPriority                       0x08001c55   Thumb Code    32  dma.o(i.__NVIC_SetPriority)
    i.__scatterload_copy                     0x08001c7c   Section       14  handlers.o(i.__scatterload_copy)
    i.__scatterload_null                     0x08001c8a   Section        2  handlers.o(i.__scatterload_null)
    i.__scatterload_zeroinit                 0x08001c8c   Section       14  handlers.o(i.__scatterload_zeroinit)
    i.main                                   0x08001c9c   Section        0  main.o(i.main)
    .constdata                               0x08001d30   Section       56  main.o(.constdata)
    CHANNEL_OFFSET_TAB                       0x08001d30   Data           6  main.o(.constdata)
    OFFSET_TAB_CCMRx                         0x08001d36   Data          10  main.o(.constdata)
    SHIFT_TAB_OCxx                           0x08001d40   Data          10  main.o(.constdata)
    SHIFT_TAB_ICxx                           0x08001d4a   Data          10  main.o(.constdata)
    SHIFT_TAB_CCxP                           0x08001d54   Data          10  main.o(.constdata)
    SHIFT_TAB_OISx                           0x08001d5e   Data          10  main.o(.constdata)
    .constdata                               0x08001d68   Section       56  adc.o(.constdata)
    CHANNEL_OFFSET_TAB                       0x08001d68   Data           6  adc.o(.constdata)
    OFFSET_TAB_CCMRx                         0x08001d6e   Data          10  adc.o(.constdata)
    SHIFT_TAB_OCxx                           0x08001d78   Data          10  adc.o(.constdata)
    SHIFT_TAB_ICxx                           0x08001d82   Data          10  adc.o(.constdata)
    SHIFT_TAB_CCxP                           0x08001d8c   Data          10  adc.o(.constdata)
    SHIFT_TAB_OISx                           0x08001d96   Data          10  adc.o(.constdata)
    .constdata                               0x08001da0   Section       56  tim.o(.constdata)
    CHANNEL_OFFSET_TAB                       0x08001da0   Data           6  tim.o(.constdata)
    OFFSET_TAB_CCMRx                         0x08001da6   Data          10  tim.o(.constdata)
    SHIFT_TAB_OCxx                           0x08001db0   Data          10  tim.o(.constdata)
    SHIFT_TAB_ICxx                           0x08001dba   Data          10  tim.o(.constdata)
    SHIFT_TAB_CCxP                           0x08001dc4   Data          10  tim.o(.constdata)
    SHIFT_TAB_OISx                           0x08001dce   Data          10  tim.o(.constdata)
    .data                                    0x20000000   Section       48  main.o(.data)
    .data                                    0x20000030   Section       12  stm32g4xx_it.o(.data)
    dma_channel1_counter                     0x20000030   Data           4  stm32g4xx_it.o(.data)
    dma_channel2_counter                     0x20000034   Data           4  stm32g4xx_it.o(.data)
    tim8_up_counter                          0x20000038   Data           4  stm32g4xx_it.o(.data)
    .data                                    0x2000003c   Section        4  system_stm32g4xx.o(.data)
    STACK                                    0x20000040   Section     1024  startup_stm32g431xx.o(STACK)

    Global Symbols

    Symbol Name                              Value     Ov Type        Size  Object(Section)

    BuildAttributes$$THM_ISAv4$E$P$D$K$B$S$7EM$VFPi3$EXTD16$VFPS$VFMA$PE$A:L22UL41UL21$X:L11$S22US41US21$IEEE1$IW$USESV6$~STKCKD$USESV7$~SHL$OSPACE$EBA8$MICROLIB$REQ8$PRES8$EABIv2 0x00000000   Number         0  anon$$obj.o ABSOLUTE
    __ARM_use_no_argv                        0x00000000   Number         0  main.o ABSOLUTE
    __cpp_initialize__aeabi_                  - Undefined Weak Reference
    __cxa_finalize                            - Undefined Weak Reference
    __decompress                              - Undefined Weak Reference
    _clock_init                               - Undefined Weak Reference
    _microlib_exit                            - Undefined Weak Reference
    __Vectors_Size                           0x000001d8   Number         0  startup_stm32g431xx.o ABSOLUTE
    __Vectors                                0x08000000   Data           4  startup_stm32g431xx.o(RESET)
    __Vectors_End                            0x080001d8   Data           0  startup_stm32g431xx.o(RESET)
    __main                                   0x080001d9   Thumb Code     0  entry.o(.ARM.Collect$$$$00000000)
    _main_stk                                0x080001d9   Thumb Code     0  entry2.o(.ARM.Collect$$$$00000001)
    _main_scatterload                        0x080001dd   Thumb Code     0  entry5.o(.ARM.Collect$$$$00000004)
    __main_after_scatterload                 0x080001e1   Thumb Code     0  entry5.o(.ARM.Collect$$$$00000004)
    _main_clock                              0x080001e1   Thumb Code     0  entry7b.o(.ARM.Collect$$$$00000008)
    _main_cpp_init                           0x080001e1   Thumb Code     0  entry8b.o(.ARM.Collect$$$$0000000A)
    _main_init                               0x080001e1   Thumb Code     0  entry9a.o(.ARM.Collect$$$$0000000B)
    __rt_final_cpp                           0x080001e9   Thumb Code     0  entry10a.o(.ARM.Collect$$$$0000000D)
    __rt_final_exit                          0x080001e9   Thumb Code     0  entry11a.o(.ARM.Collect$$$$0000000F)
    Reset_Handler                            0x080001ed   Thumb Code     8  startup_stm32g431xx.o(.text)
    ADC1_2_IRQHandler                        0x08000207   Thumb Code     0  startup_stm32g431xx.o(.text)
    COMP1_2_3_IRQHandler                     0x08000207   Thumb Code     0  startup_stm32g431xx.o(.text)
    COMP4_IRQHandler                         0x08000207   Thumb Code     0  startup_stm32g431xx.o(.text)
    CORDIC_IRQHandler                        0x08000207   Thumb Code     0  startup_stm32g431xx.o(.text)
    CRS_IRQHandler                           0x08000207   Thumb Code     0  startup_stm32g431xx.o(.text)
    DMA1_Channel3_IRQHandler                 0x08000207   Thumb Code     0  startup_stm32g431xx.o(.text)
    DMA1_Channel4_IRQHandler                 0x08000207   Thumb Code     0  startup_stm32g431xx.o(.text)
    DMA1_Channel5_IRQHandler                 0x08000207   Thumb Code     0  startup_stm32g431xx.o(.text)
    DMA1_Channel6_IRQHandler                 0x08000207   Thumb Code     0  startup_stm32g431xx.o(.text)
    DMA2_Channel1_IRQHandler                 0x08000207   Thumb Code     0  startup_stm32g431xx.o(.text)
    DMA2_Channel2_IRQHandler                 0x08000207   Thumb Code     0  startup_stm32g431xx.o(.text)
    DMA2_Channel3_IRQHandler                 0x08000207   Thumb Code     0  startup_stm32g431xx.o(.text)
    DMA2_Channel4_IRQHandler                 0x08000207   Thumb Code     0  startup_stm32g431xx.o(.text)
    DMA2_Channel5_IRQHandler                 0x08000207   Thumb Code     0  startup_stm32g431xx.o(.text)
    DMA2_Channel6_IRQHandler                 0x08000207   Thumb Code     0  startup_stm32g431xx.o(.text)
    DMAMUX_OVR_IRQHandler                    0x08000207   Thumb Code     0  startup_stm32g431xx.o(.text)
    EXTI0_IRQHandler                         0x08000207   Thumb Code     0  startup_stm32g431xx.o(.text)
    EXTI15_10_IRQHandler                     0x08000207   Thumb Code     0  startup_stm32g431xx.o(.text)
    EXTI1_IRQHandler                         0x08000207   Thumb Code     0  startup_stm32g431xx.o(.text)
    EXTI2_IRQHandler                         0x08000207   Thumb Code     0  startup_stm32g431xx.o(.text)
    EXTI3_IRQHandler                         0x08000207   Thumb Code     0  startup_stm32g431xx.o(.text)
    EXTI4_IRQHandler                         0x08000207   Thumb Code     0  startup_stm32g431xx.o(.text)
    EXTI9_5_IRQHandler                       0x08000207   Thumb Code     0  startup_stm32g431xx.o(.text)
    FDCAN1_IT0_IRQHandler                    0x08000207   Thumb Code     0  startup_stm32g431xx.o(.text)
    FDCAN1_IT1_IRQHandler                    0x08000207   Thumb Code     0  startup_stm32g431xx.o(.text)
    FLASH_IRQHandler                         0x08000207   Thumb Code     0  startup_stm32g431xx.o(.text)
    FMAC_IRQHandler                          0x08000207   Thumb Code     0  startup_stm32g431xx.o(.text)
    FPU_IRQHandler                           0x08000207   Thumb Code     0  startup_stm32g431xx.o(.text)
    I2C1_ER_IRQHandler                       0x08000207   Thumb Code     0  startup_stm32g431xx.o(.text)
    I2C1_EV_IRQHandler                       0x08000207   Thumb Code     0  startup_stm32g431xx.o(.text)
    I2C2_ER_IRQHandler                       0x08000207   Thumb Code     0  startup_stm32g431xx.o(.text)
    I2C2_EV_IRQHandler                       0x08000207   Thumb Code     0  startup_stm32g431xx.o(.text)
    I2C3_ER_IRQHandler                       0x08000207   Thumb Code     0  startup_stm32g431xx.o(.text)
    I2C3_EV_IRQHandler                       0x08000207   Thumb Code     0  startup_stm32g431xx.o(.text)
    LPTIM1_IRQHandler                        0x08000207   Thumb Code     0  startup_stm32g431xx.o(.text)
    LPUART1_IRQHandler                       0x08000207   Thumb Code     0  startup_stm32g431xx.o(.text)
    PVD_PVM_IRQHandler                       0x08000207   Thumb Code     0  startup_stm32g431xx.o(.text)
    RCC_IRQHandler                           0x08000207   Thumb Code     0  startup_stm32g431xx.o(.text)
    RNG_IRQHandler                           0x08000207   Thumb Code     0  startup_stm32g431xx.o(.text)
    RTC_Alarm_IRQHandler                     0x08000207   Thumb Code     0  startup_stm32g431xx.o(.text)
    RTC_TAMP_LSECSS_IRQHandler               0x08000207   Thumb Code     0  startup_stm32g431xx.o(.text)
    RTC_WKUP_IRQHandler                      0x08000207   Thumb Code     0  startup_stm32g431xx.o(.text)
    SAI1_IRQHandler                          0x08000207   Thumb Code     0  startup_stm32g431xx.o(.text)
    SPI1_IRQHandler                          0x08000207   Thumb Code     0  startup_stm32g431xx.o(.text)
    SPI2_IRQHandler                          0x08000207   Thumb Code     0  startup_stm32g431xx.o(.text)
    SPI3_IRQHandler                          0x08000207   Thumb Code     0  startup_stm32g431xx.o(.text)
    TIM1_BRK_TIM15_IRQHandler                0x08000207   Thumb Code     0  startup_stm32g431xx.o(.text)
    TIM1_CC_IRQHandler                       0x08000207   Thumb Code     0  startup_stm32g431xx.o(.text)
    TIM1_TRG_COM_TIM17_IRQHandler            0x08000207   Thumb Code     0  startup_stm32g431xx.o(.text)
    TIM1_UP_TIM16_IRQHandler                 0x08000207   Thumb Code     0  startup_stm32g431xx.o(.text)
    TIM2_IRQHandler                          0x08000207   Thumb Code     0  startup_stm32g431xx.o(.text)
    TIM3_IRQHandler                          0x08000207   Thumb Code     0  startup_stm32g431xx.o(.text)
    TIM4_IRQHandler                          0x08000207   Thumb Code     0  startup_stm32g431xx.o(.text)
    TIM6_DAC_IRQHandler                      0x08000207   Thumb Code     0  startup_stm32g431xx.o(.text)
    TIM7_DAC_IRQHandler                      0x08000207   Thumb Code     0  startup_stm32g431xx.o(.text)
    TIM8_BRK_IRQHandler                      0x08000207   Thumb Code     0  startup_stm32g431xx.o(.text)
    TIM8_CC_IRQHandler                       0x08000207   Thumb Code     0  startup_stm32g431xx.o(.text)
    TIM8_TRG_COM_IRQHandler                  0x08000207   Thumb Code     0  startup_stm32g431xx.o(.text)
    UART4_IRQHandler                         0x08000207   Thumb Code     0  startup_stm32g431xx.o(.text)
    UCPD1_IRQHandler                         0x08000207   Thumb Code     0  startup_stm32g431xx.o(.text)
    USART1_IRQHandler                        0x08000207   Thumb Code     0  startup_stm32g431xx.o(.text)
    USART2_IRQHandler                        0x08000207   Thumb Code     0  startup_stm32g431xx.o(.text)
    USART3_IRQHandler                        0x08000207   Thumb Code     0  startup_stm32g431xx.o(.text)
    USBWakeUp_IRQHandler                     0x08000207   Thumb Code     0  startup_stm32g431xx.o(.text)
    USB_HP_IRQHandler                        0x08000207   Thumb Code     0  startup_stm32g431xx.o(.text)
    USB_LP_IRQHandler                        0x08000207   Thumb Code     0  startup_stm32g431xx.o(.text)
    WWDG_IRQHandler                          0x08000207   Thumb Code     0  startup_stm32g431xx.o(.text)
    __aeabi_memset                           0x08000211   Thumb Code    14  memseta.o(.text)
    __aeabi_memset4                          0x08000211   Thumb Code     0  memseta.o(.text)
    __aeabi_memset8                          0x08000211   Thumb Code     0  memseta.o(.text)
    __aeabi_memclr                           0x0800021f   Thumb Code     4  memseta.o(.text)
    __aeabi_memclr4                          0x0800021f   Thumb Code     0  memseta.o(.text)
    __aeabi_memclr8                          0x0800021f   Thumb Code     0  memseta.o(.text)
    _memset$wrapper                          0x08000223   Thumb Code    18  memseta.o(.text)
    __scatterload                            0x08000235   Thumb Code    28  init.o(.text)
    __scatterload_rt2                        0x08000235   Thumb Code     0  init.o(.text)
    BusFault_Handler                         0x08000259   Thumb Code     4  stm32g4xx_it.o(i.BusFault_Handler)
    DMA1_Channel1_IRQHandler                 0x0800025d   Thumb Code   114  stm32g4xx_it.o(i.DMA1_Channel1_IRQHandler)
    DMA1_Channel2_IRQHandler                 0x080002ed   Thumb Code    72  stm32g4xx_it.o(i.DMA1_Channel2_IRQHandler)
    DebugMon_Handler                         0x08000349   Thumb Code     2  stm32g4xx_it.o(i.DebugMon_Handler)
    HardFault_Handler                        0x0800034b   Thumb Code     4  stm32g4xx_it.o(i.HardFault_Handler)
    Initialize_ADC                           0x08000351   Thumb Code   262  main.o(i.Initialize_ADC)
    Initialize_DMA_ADC                       0x0800046d   Thumb Code   114  main.o(i.Initialize_DMA_ADC)
    Initialize_DMA_TIM8                      0x080004f1   Thumb Code   106  main.o(i.Initialize_DMA_TIM8)
    Initialize_TIM8                          0x08000571   Thumb Code   104  main.o(i.Initialize_TIM8)
    LL_ADC_CommonInit                        0x080005e5   Thumb Code    88  stm32g4xx_ll_adc.o(i.LL_ADC_CommonInit)
    LL_ADC_Init                              0x08000645   Thumb Code    46  stm32g4xx_ll_adc.o(i.LL_ADC_Init)
    LL_ADC_REG_Init                          0x08000689   Thumb Code   102  stm32g4xx_ll_adc.o(i.LL_ADC_REG_Init)
    LL_GPIO_Init                             0x08000885   Thumb Code   312  stm32g4xx_ll_gpio.o(i.LL_GPIO_Init)
    LL_Init1msTick                           0x080009c9   Thumb Code    28  stm32g4xx_ll_utils.o(i.LL_Init1msTick)
    LL_SetSystemCoreClock                    0x080009f9   Thumb Code     6  stm32g4xx_ll_utils.o(i.LL_SetSystemCoreClock)
    LL_TIM_BDTR_Init                         0x08000a05   Thumb Code   166  stm32g4xx_ll_tim.o(i.LL_TIM_BDTR_Init)
    LL_TIM_Init                              0x08000ab5   Thumb Code   172  stm32g4xx_ll_tim.o(i.LL_TIM_Init)
    LL_TIM_OC_Init                           0x08000cf1   Thumb Code   132  stm32g4xx_ll_tim.o(i.LL_TIM_OC_Init)
    MX_ADC1_Init                             0x08000d79   Thumb Code   672  adc.o(i.MX_ADC1_Init)
    MX_DMA_Init                              0x08001041   Thumb Code    76  dma.o(i.MX_DMA_Init)
    MX_GPIO_Init                             0x0800108d   Thumb Code   176  gpio.o(i.MX_GPIO_Init)
    MX_TIM8_Init                             0x08001145   Thumb Code  1292  tim.o(i.MX_TIM8_Init)
    MemManage_Handler                        0x08001659   Thumb Code     4  stm32g4xx_it.o(i.MemManage_Handler)
    NMI_Handler                              0x0800165d   Thumb Code     2  stm32g4xx_it.o(i.NMI_Handler)
    PendSV_Handler                           0x08001a41   Thumb Code     2  stm32g4xx_it.o(i.PendSV_Handler)
    SVC_Handler                              0x08001a43   Thumb Code     2  stm32g4xx_it.o(i.SVC_Handler)
    SysTick_Handler                          0x08001a45   Thumb Code     2  stm32g4xx_it.o(i.SysTick_Handler)
    SystemClock_Config                       0x08001a49   Thumb Code   336  main.o(i.SystemClock_Config)
    SystemInit                               0x08001bb9   Thumb Code    24  system_stm32g4xx.o(i.SystemInit)
    TIM8_UP_IRQHandler                       0x08001bd5   Thumb Code    68  stm32g4xx_it.o(i.TIM8_UP_IRQHandler)
    UsageFault_Handler                       0x08001c25   Thumb Code     4  stm32g4xx_it.o(i.UsageFault_Handler)
    __scatterload_copy                       0x08001c7d   Thumb Code    14  handlers.o(i.__scatterload_copy)
    __scatterload_null                       0x08001c8b   Thumb Code     2  handlers.o(i.__scatterload_null)
    __scatterload_zeroinit                   0x08001c8d   Thumb Code    14  handlers.o(i.__scatterload_zeroinit)
    main                                     0x08001c9d   Thumb Code   132  main.o(i.main)
    Region$$Table$$Base                      0x08001dd8   Number         0  anon$$obj.o(Region$$Table)
    Region$$Table$$Limit                     0x08001df8   Number         0  anon$$obj.o(Region$$Table)
    aADCxConvertedData                       0x20000000   Data           6  main.o(.data)
    aADCxConvertedDataB                      0x20000006   Data           6  main.o(.data)
    tim_burst                                0x2000000c   Data          12  main.o(.data)
    tim_burst_up                             0x20000018   Data          12  main.o(.data)
    tim_burst_dn                             0x20000024   Data          12  main.o(.data)
    SystemCoreClock                          0x2000003c   Data           4  system_stm32g4xx.o(.data)
    __initial_sp                             0x20000440   Data           0  startup_stm32g431xx.o(STACK)



==============================================================================

Memory Map of the image

  Image Entry point : 0x080001d9

  Load Region LR_IROM1 (Base: 0x08000000, Size: 0x00001e38, Max: 0x00020000, ABSOLUTE)

    Execution Region ER_IROM1 (Base: 0x08000000, Size: 0x00001df8, Max: 0x00020000, ABSOLUTE)

    Base Addr    Size         Type   Attr      Idx    E Section Name        Object

    0x08000000   0x000001d8   Data   RO            3    RESET               startup_stm32g431xx.o
    0x080001d8   0x00000000   Code   RO         1200  * .ARM.Collect$$$$00000000  mc_w.l(entry.o)
    0x080001d8   0x00000004   Code   RO         1205    .ARM.Collect$$$$00000001  mc_w.l(entry2.o)
    0x080001dc   0x00000004   Code   RO         1208    .ARM.Collect$$$$00000004  mc_w.l(entry5.o)
    0x080001e0   0x00000000   Code   RO         1210    .ARM.Collect$$$$00000008  mc_w.l(entry7b.o)
    0x080001e0   0x00000000   Code   RO         1212    .ARM.Collect$$$$0000000A  mc_w.l(entry8b.o)
    0x080001e0   0x00000008   Code   RO         1213    .ARM.Collect$$$$0000000B  mc_w.l(entry9a.o)
    0x080001e8   0x00000000   Code   RO         1215    .ARM.Collect$$$$0000000D  mc_w.l(entry10a.o)
    0x080001e8   0x00000000   Code   RO         1217    .ARM.Collect$$$$0000000F  mc_w.l(entry11a.o)
    0x080001e8   0x00000004   Code   RO         1206    .ARM.Collect$$$$00002712  mc_w.l(entry2.o)
    0x080001ec   0x00000024   Code   RO            4    .text               startup_stm32g431xx.o
    0x08000210   0x00000024   Code   RO         1203    .text               mc_w.l(memseta.o)
    0x08000234   0x00000024   Code   RO         1219    .text               mc_w.l(init.o)
    0x08000258   0x00000004   Code   RO          426    i.BusFault_Handler  stm32g4xx_it.o
    0x0800025c   0x00000090   Code   RO          427    i.DMA1_Channel1_IRQHandler  stm32g4xx_it.o
    0x080002ec   0x0000005c   Code   RO          428    i.DMA1_Channel2_IRQHandler  stm32g4xx_it.o
    0x08000348   0x00000002   Code   RO          429    i.DebugMon_Handler  stm32g4xx_it.o
    0x0800034a   0x00000004   Code   RO          430    i.HardFault_Handler  stm32g4xx_it.o
    0x0800034e   0x00000002   PAD
    0x08000350   0x0000011c   Code   RO           14    i.Initialize_ADC    main.o
    0x0800046c   0x00000084   Code   RO           15    i.Initialize_DMA_ADC  main.o
    0x080004f0   0x00000080   Code   RO           16    i.Initialize_DMA_TIM8  main.o
    0x08000570   0x00000074   Code   RO           17    i.Initialize_TIM8   main.o
    0x080005e4   0x00000060   Code   RO          806    i.LL_ADC_CommonInit  stm32g4xx_ll_adc.o
    0x08000644   0x0000002e   Code   RO          812    i.LL_ADC_Init       stm32g4xx_ll_adc.o
    0x08000672   0x0000000a   Code   RO           18    i.LL_ADC_IsEnabled  main.o
    0x0800067c   0x0000000a   Code   RO          813    i.LL_ADC_IsEnabled  stm32g4xx_ll_adc.o
    0x08000686   0x00000002   PAD
    0x08000688   0x0000006c   Code   RO          814    i.LL_ADC_REG_Init   stm32g4xx_ll_adc.o
    0x080006f4   0x0000002a   Code   RO          260    i.LL_ADC_REG_SetSequencerRanks  adc.o
    0x0800071e   0x00000028   Code   RO          261    i.LL_ADC_SetChannelSamplingTime  adc.o
    0x08000746   0x00000002   PAD
    0x08000748   0x00000024   Code   RO          262    i.LL_ADC_SetChannelSingleDiff  adc.o
    0x0800076c   0x0000001c   Code   RO          312    i.LL_AHB1_GRP1_EnableClock  dma.o
    0x08000788   0x0000001c   Code   RO          196    i.LL_AHB2_GRP1_EnableClock  gpio.o
    0x080007a4   0x0000001c   Code   RO          263    i.LL_AHB2_GRP1_EnableClock  adc.o
    0x080007c0   0x0000001c   Code   RO          370    i.LL_AHB2_GRP1_EnableClock  tim.o
    0x080007dc   0x00000034   Code   RO           19    i.LL_DMA_ConfigAddresses  main.o
    0x08000810   0x0000001c   Code   RO           20    i.LL_DMA_EnableChannel  main.o
    0x0800082c   0x0000001c   Code   RO           21    i.LL_DMA_EnableIT_TC  main.o
    0x08000848   0x0000001c   Code   RO           22    i.LL_DMA_EnableIT_TE  main.o
    0x08000864   0x00000020   Code   RO           23    i.LL_DMA_SetDataLength  main.o
    0x08000884   0x00000138   Code   RO          756    i.LL_GPIO_Init      stm32g4xx_ll_gpio.o
    0x080009bc   0x00000004   Code   RO          197    i.LL_GPIO_ResetOutputPin  gpio.o
    0x080009c0   0x00000004   Code   RO          431    i.LL_GPIO_ResetOutputPin  stm32g4xx_it.o
    0x080009c4   0x00000004   Code   RO          432    i.LL_GPIO_SetOutputPin  stm32g4xx_it.o
    0x080009c8   0x0000001c   Code   RO          548    i.LL_Init1msTick    stm32g4xx_ll_utils.o
    0x080009e4   0x00000014   Code   RO           24    i.LL_RCC_SetAHBPrescaler  main.o
    0x080009f8   0x0000000c   Code   RO          557    i.LL_SetSystemCoreClock  stm32g4xx_ll_utils.o
    0x08000a04   0x000000b0   Code   RO          995    i.LL_TIM_BDTR_Init  stm32g4xx_ll_tim.o
    0x08000ab4   0x000000c8   Code   RO         1004    i.LL_TIM_Init       stm32g4xx_ll_tim.o
    0x08000b7c   0x0000007c   Code   RO          371    i.LL_TIM_OC_DisableFast  tim.o
    0x08000bf8   0x0000007c   Code   RO          372    i.LL_TIM_OC_DisablePreload  tim.o
    0x08000c74   0x0000007c   Code   RO          373    i.LL_TIM_OC_EnablePreload  tim.o
    0x08000cf0   0x00000084   Code   RO         1005    i.LL_TIM_OC_Init    stm32g4xx_ll_tim.o
    0x08000d74   0x00000004   Code   RO         1006    i.LL_TIM_OC_SetCompareCH2  stm32g4xx_ll_tim.o
    0x08000d78   0x000002c8   Code   RO          264    i.MX_ADC1_Init      adc.o
    0x08001040   0x0000004c   Code   RO          313    i.MX_DMA_Init       dma.o
    0x0800108c   0x000000b8   Code   RO          198    i.MX_GPIO_Init      gpio.o
    0x08001144   0x00000514   Code   RO          374    i.MX_TIM8_Init      tim.o
    0x08001658   0x00000004   Code   RO          433    i.MemManage_Handler  stm32g4xx_it.o
    0x0800165c   0x00000002   Code   RO          434    i.NMI_Handler       stm32g4xx_it.o
    0x0800165e   0x00000040   Code   RO          314    i.NVIC_EncodePriority  dma.o
    0x0800169e   0x00000002   PAD
    0x080016a0   0x000000a4   Code   RO         1009    i.OC1Config         stm32g4xx_ll_tim.o
    0x08001744   0x000000b0   Code   RO         1010    i.OC2Config         stm32g4xx_ll_tim.o
    0x080017f4   0x000000a4   Code   RO         1011    i.OC3Config         stm32g4xx_ll_tim.o
    0x08001898   0x000000a4   Code   RO         1012    i.OC4Config         stm32g4xx_ll_tim.o
    0x0800193c   0x00000084   Code   RO         1013    i.OC5Config         stm32g4xx_ll_tim.o
    0x080019c0   0x00000080   Code   RO         1014    i.OC6Config         stm32g4xx_ll_tim.o
    0x08001a40   0x00000002   Code   RO          435    i.PendSV_Handler    stm32g4xx_it.o
    0x08001a42   0x00000002   Code   RO          436    i.SVC_Handler       stm32g4xx_it.o
    0x08001a44   0x00000002   Code   RO          437    i.SysTick_Handler   stm32g4xx_it.o
    0x08001a46   0x00000002   PAD
    0x08001a48   0x00000170   Code   RO           25    i.SystemClock_Config  main.o
    0x08001bb8   0x0000001c   Code   RO         1167    i.SystemInit        system_stm32g4xx.o
    0x08001bd4   0x00000050   Code   RO          438    i.TIM8_UP_IRQHandler  stm32g4xx_it.o
    0x08001c24   0x00000004   Code   RO          439    i.UsageFault_Handler  stm32g4xx_it.o
    0x08001c28   0x0000001a   Code   RO          315    i.__NVIC_EnableIRQ  dma.o
    0x08001c42   0x00000002   PAD
    0x08001c44   0x00000010   Code   RO          316    i.__NVIC_GetPriorityGrouping  dma.o
    0x08001c54   0x00000028   Code   RO          317    i.__NVIC_SetPriority  dma.o
    0x08001c7c   0x0000000e   Code   RO         1223    i.__scatterload_copy  mc_w.l(handlers.o)
    0x08001c8a   0x00000002   Code   RO         1224    i.__scatterload_null  mc_w.l(handlers.o)
    0x08001c8c   0x0000000e   Code   RO         1225    i.__scatterload_zeroinit  mc_w.l(handlers.o)
    0x08001c9a   0x00000002   PAD
    0x08001c9c   0x00000094   Code   RO           26    i.main              main.o
    0x08001d30   0x00000038   Data   RO           27    .constdata          main.o
    0x08001d68   0x00000038   Data   RO          265    .constdata          adc.o
    0x08001da0   0x00000038   Data   RO          375    .constdata          tim.o
    0x08001dd8   0x00000020   Data   RO         1221    Region$$Table       anon$$obj.o


    Execution Region RW_IRAM1 (Base: 0x20000000, Size: 0x00000440, Max: 0x00008000, ABSOLUTE)

    Base Addr    Size         Type   Attr      Idx    E Section Name        Object

    0x20000000   0x00000030   Data   RW           28    .data               main.o
    0x20000030   0x0000000c   Data   RW          441    .data               stm32g4xx_it.o
    0x2000003c   0x00000004   Data   RW         1169    .data               system_stm32g4xx.o
    0x20000040   0x00000400   Zero   RW            1    STACK               startup_stm32g431xx.o


==============================================================================

Image component sizes


      Code (inc. data)   RO Data    RW Data    ZI Data      Debug   Object Name

       858         50         56          0          0      83455   adc.o
       250         18          0          0          0      38845   dma.o
       216         12          0          0          0      55611   gpio.o
      1374        152         56         48          0     668522   main.o
        36          8        472          0       1024        872   startup_stm32g431xx.o
       350         62          0         12          0      69137   stm32g4xx_it.o
       260         14          0          0          0      78324   stm32g4xx_ll_adc.o
       312          0          0          0          0       7575   stm32g4xx_ll_gpio.o
      1440        186          0          0          0      59598   stm32g4xx_ll_tim.o
        40          6          0          0          0       3021   stm32g4xx_ll_utils.o
        28          4          0          4          0       1239   system_stm32g4xx.o
      1700         74         56          0          0      86202   tim.o

    ----------------------------------------------------------------------
      6876        586        672         64       1024    1152401   Object Totals
         0          0         32          0          0          0   (incl. Generated)
        12          0          0          0          0          0   (incl. Padding)

    ----------------------------------------------------------------------

      Code (inc. data)   RO Data    RW Data    ZI Data      Debug   Library Member Name

         0          0          0          0          0          0   entry.o
         0          0          0          0          0          0   entry10a.o
         0          0          0          0          0          0   entry11a.o
         8          4          0          0          0          0   entry2.o
         4          0          0          0          0          0   entry5.o
         0          0          0          0          0          0   entry7b.o
         0          0          0          0          0          0   entry8b.o
         8          4          0          0          0          0   entry9a.o
        30          0          0          0          0          0   handlers.o
        36          8          0          0          0         68   init.o
        36          0          0          0          0        108   memseta.o

    ----------------------------------------------------------------------
       124         16          0          0          0        176   Library Totals
         2          0          0          0          0          0   (incl. Padding)

    ----------------------------------------------------------------------

      Code (inc. data)   RO Data    RW Data    ZI Data      Debug   Library Name

       122         16          0          0          0        176   mc_w.l

    ----------------------------------------------------------------------
       124         16          0          0          0        176   Library Totals

    ----------------------------------------------------------------------

==============================================================================


      Code (inc. data)   RO Data    RW Data    ZI Data      Debug   

      7000        602        672         64       1024    1146781   Grand Totals
      7000        602        672         64       1024    1146781   ELF Image Totals
      7000        602        672         64          0          0   ROM Totals

==============================================================================

    Total RO  Size (Code + RO Data)                 7672 (   7.49kB)
    Total RW  Size (RW Data + ZI Data)              1088 (   1.06kB)
    Total ROM Size (Code + RO Data + RW Data)       7736 (   7.55kB)

==============================================================================

